// Jest Snapshot v1, https://goo.gl/fbAQLP

exports[`WInput.vue should have an t-input class 1`] = `
<div class="t-input t-input--lg secondary--base">
  <input class="t-text font-primary text-primary--base" type="text">
</div>
`;
