// Jest Snapshot v1, https://goo.gl/fbAQLP

exports[`MainContainer.vue should have an wb-container class 1`] = `
<div class="t-container container-fluid wb-page">
  <div class="t-grid grid cols-12 wb-container">
    <div class="t-col col col-2">
      <div class="wb-container">
        <div class="wb-sidebar ma-md pa-lg br-lg">
          <h2 class="text-accent--base font-secondary">Component</h2>
          <h3 class="pt-lg">Properties:</h3>
          <!--v-if-->
        </div>
      </div>
    </div>
    <div class="t-col col col-8">
      <div class="wb-container">
        <div class="wb-components my-md mx-md pa-lg br-lg flex">
          <div class="wb-component">
            <h3 class="font-secondary">EMPTY</h3>
          </div>
        </div>
      </div>
    </div>
    <div class="t-col col col-2">
      <div class="wb-container">
        <div class="wb-sidebar ma-md pa-lg br-lg">
          <div class="t-grid grid cols-2">
            <div class="t-col col col-1">
              <h1 class="text-accent--base font-secondary">@tne-kit</h1><button class="border-no pa-xs br-sm accent--base"><span class="font-secondary">light</span></button>
            </div>
            <div class="t-col col col-1"><svg class="t-sprite" width="50" height="85" aria-hidden="true" style="color: rgb(51, 51, 51);" fill="#fffccc">
                <use xlink:href="#sprite-logo"></use>
              </svg></div>
          </div>
          <h3 class="pt-lg">Components:</h3>
          <ul class="pl-md pt-md white--base list-none">
            <li class="text-md pb-md text-primary--accent-1"><span>TApp</span></li>
            <li class="text-md pb-md text-primary--accent-1"><span>TButton</span></li>
            <li class="text-md pb-md text-primary--accent-1"><span>TGrid</span></li>
            <li class="text-md pb-md text-primary--accent-1"><span>TContainer</span></li>
            <li class="text-md pb-md text-primary--accent-1"><span>TRow</span></li>
            <li class="text-md pb-md text-primary--accent-1"><span>TCol</span></li>
            <li class="text-md pb-md text-primary--accent-1"><span>TInput</span></li>
          </ul>
        </div>
      </div>
    </div>
  </div>
</div>
`;
